// Jest Snapshot v1, https://goo.gl/fbAQLP

exports[`<Main /> should render the heading 1`] = `
.c0 {
  background: #06092b;
  color: #fff;
  width: 100%;
  height: 100%;
  text-align: center;
  -webkit-align-items: center;
  -webkit-box-align: center;
  -ms-flex-align: center;
  align-items: center;
  -webkit-box-pack: center;
  -webkit-justify-content: center;
  -ms-flex-pack: center;
  justify-content: center;
  padding: 10px;
  display: -webkit-box;
  display: -webkit-flex;
  display: -ms-flexbox;
  display: flex;
  -webkit-flex-direction: column;
  -ms-flex-direction: column;
  flex-direction: column;
}

.c1 {
  font-size: 1.2rem;
}

<main
  class="c0"
>
  <h1
    class="styles__Title-sc-10i6ae9-1"
  >
    Boilerplate
  </h1>
  <p
    class="c1"
  >
    Simple boilerplate Nextjs + Typescript + Jest
  </p>
</main>
`
